mode: set
terminalcard/internal/broadcaster/broadcaster.go:18.53,22.2 1 1
terminalcard/internal/broadcaster/broadcaster.go:24.47,33.2 6 1
terminalcard/internal/broadcaster/broadcaster.go:35.51,39.44 3 1
terminalcard/internal/broadcaster/broadcaster.go:39.44,40.26 1 1
terminalcard/internal/broadcaster/broadcaster.go:40.26,44.4 3 1
terminalcard/internal/broadcaster/broadcaster.go:48.43,52.36 3 1
terminalcard/internal/broadcaster/broadcaster.go:52.36,53.10 1 1
terminalcard/internal/broadcaster/broadcaster.go:54.22,54.22 0 1
terminalcard/internal/broadcaster/broadcaster.go:55.11,55.11 0 1
terminalcard/internal/broadcaster/broadcaster.go:63.34,67.37 3 1
terminalcard/internal/broadcaster/broadcaster.go:67.37,70.3 2 1
terminalcard/internal/deck/builder.go:3.28,5.35 2 1
terminalcard/internal/deck/builder.go:5.35,6.32 1 1
terminalcard/internal/deck/builder.go:6.32,11.4 1 1
terminalcard/internal/deck/builder.go:13.2,13.14 1 1
terminalcard/internal/deck/builder.go:16.57,18.27 2 0
terminalcard/internal/deck/builder.go:18.27,23.3 1 0
terminalcard/internal/deck/builder.go:24.2,24.14 1 0
terminalcard/internal/deck/builder.go:27.54,29.26 2 0
terminalcard/internal/deck/builder.go:29.26,31.3 1 0
terminalcard/internal/deck/builder.go:32.2,32.14 1 0
terminalcard/internal/deck/deck.go:14.30,20.2 3 1
terminalcard/internal/deck/deck.go:22.26,23.44 1 1
terminalcard/internal/deck/deck.go:23.44,25.3 1 1
terminalcard/internal/deck/deck.go:28.36,29.22 1 1
terminalcard/internal/deck/deck.go:29.22,31.3 1 1
terminalcard/internal/deck/deck.go:32.2,32.38 1 1
terminalcard/internal/deck/deck.go:35.36,36.22 1 1
terminalcard/internal/deck/deck.go:36.22,38.3 1 1
terminalcard/internal/deck/deck.go:39.2,42.22 4 1
terminalcard/internal/deck/deck.go:45.59,46.32 1 1
terminalcard/internal/deck/deck.go:46.32,48.3 1 1
terminalcard/internal/deck/deck.go:50.2,56.21 6 1
terminalcard/internal/deck/deck.go:59.39,61.2 1 1
terminalcard/internal/deck/deck.go:63.42,65.2 1 1
terminalcard/internal/deck/deck.go:67.27,69.2 1 1
terminalcard/internal/deck/deck.go:71.31,73.2 1 0
terminalcard/internal/deck/deck.go:75.31,77.2 1 0
terminalcard/internal/deck/deck.go:79.41,81.2 1 1
terminalcard/internal/player/player.go:14.46,15.30 1 1
terminalcard/internal/player/player.go:15.30,17.3 1 1
terminalcard/internal/player/player.go:19.2,19.51 1 1
terminalcard/cmd/server/main.go:19.13,23.16 3 0
terminalcard/cmd/server/main.go:23.16,25.13 2 0
terminalcard/cmd/server/main.go:28.2,30.16 3 0
terminalcard/cmd/server/main.go:30.16,32.3 1 0
terminalcard/cmd/server/main.go:32.8,33.16 1 0
terminalcard/cmd/server/main.go:33.16,34.44 1 0
terminalcard/cmd/server/main.go:34.44,36.5 1 0
terminalcard/cmd/server/main.go:39.3,40.30 2 0
terminalcard/cmd/server/main.go:43.2,44.16 2 0
terminalcard/cmd/server/main.go:44.16,46.13 2 0
terminalcard/cmd/server/main.go:49.2,51.58 3 0
terminalcard/cmd/server/main.go:51.58,51.99 1 0
terminalcard/cmd/server/main.go:53.2,61.16 4 0
terminalcard/cmd/server/main.go:61.16,63.13 2 0
terminalcard/cmd/server/main.go:66.2,66.48 1 0
terminalcard/cmd/server/main.go:66.48,68.13 2 0
terminalcard/internal/config/config.go:25.30,44.30 3 0
terminalcard/internal/config/config.go:44.30,46.17 2 0
terminalcard/internal/config/config.go:46.17,48.4 1 0
terminalcard/internal/config/config.go:51.2,51.17 1 0
terminalcard/internal/config/config.go:54.31,58.2 1 0
terminalcard/internal/config/config.go:60.49,61.48 1 0
terminalcard/internal/config/config.go:61.48,63.3 1 0
terminalcard/internal/config/config.go:64.2,64.17 1 0
terminalcard/internal/config/config.go:67.49,69.50 2 0
terminalcard/internal/config/config.go:69.50,71.3 1 0
terminalcard/internal/config/config.go:72.2,72.17 1 0
terminalcard/internal/tui/app.go:18.124,28.67 3 0
terminalcard/internal/tui/app.go:28.67,30.3 1 0
terminalcard/internal/tui/app.go:32.2,32.70 1 0
terminalcard/internal/tui/app.go:32.70,34.3 1 0
terminalcard/internal/tui/app.go:36.2,36.75 1 0
terminalcard/internal/tui/app.go:36.75,38.57 2 0
terminalcard/internal/tui/app.go:38.57,40.4 1 0
terminalcard/internal/tui/app.go:41.3,41.28 1 0
terminalcard/internal/tui/app.go:44.2,44.73 1 0
terminalcard/internal/tui/app.go:44.73,46.57 2 0
terminalcard/internal/tui/app.go:46.57,48.4 1 0
terminalcard/internal/tui/app.go:49.3,49.26 1 0
terminalcard/internal/tui/app.go:52.2,52.70 1 0
terminalcard/internal/tui/app.go:52.70,56.3 2 0
terminalcard/internal/tui/app.go:58.2,58.82 1 0
terminalcard/internal/tui/app.go:58.82,62.3 2 0
terminalcard/internal/tui/app.go:64.2,66.10 2 0
terminalcard/internal/testutil/db.go:16.64,18.21 2 0
terminalcard/internal/testutil/db.go:18.21,20.3 1 0
terminalcard/internal/testutil/db.go:22.2,35.16 3 0
terminalcard/internal/testutil/db.go:35.16,37.3 1 0
terminalcard/internal/testutil/db.go:39.2,39.19 1 0
terminalcard/internal/testutil/db.go:39.19,40.58 1 0
terminalcard/internal/testutil/db.go:40.58,42.4 1 0
terminalcard/internal/testutil/db.go:45.2,46.16 2 0
terminalcard/internal/testutil/db.go:46.16,48.3 1 0
terminalcard/internal/testutil/db.go:50.2,53.16 2 0
terminalcard/internal/testutil/db.go:53.16,55.3 1 0
terminalcard/internal/testutil/db.go:57.2,57.21 1 0
terminalcard/internal/testutil/db.go:57.21,59.17 2 0
terminalcard/internal/testutil/db.go:59.17,61.4 1 0
terminalcard/internal/testutil/db.go:64.2,64.15 1 0
terminalcard/internal/db/gorm.go:11.52,13.50 2 0
terminalcard/internal/db/gorm.go:13.50,15.3 1 0
terminalcard/internal/db/gorm.go:17.2,20.16 2 0
terminalcard/internal/db/gorm.go:20.16,23.3 2 0
terminalcard/internal/db/gorm.go:26.2,26.89 1 0
terminalcard/internal/db/gorm.go:26.89,29.3 2 0
terminalcard/internal/db/gorm.go:31.2,31.22 1 0
terminalcard/internal/db/queries.go:16.39,18.2 1 0
terminalcard/internal/db/queries.go:22.64,29.2 3 0
terminalcard/internal/db/queries.go:32.62,38.16 3 0
terminalcard/internal/db/queries.go:38.16,40.3 1 0
terminalcard/internal/db/queries.go:41.2,41.19 1 0
terminalcard/internal/db/queries.go:44.88,47.16 3 0
terminalcard/internal/db/queries.go:47.16,48.45 1 0
terminalcard/internal/db/queries.go:48.45,50.4 1 0
terminalcard/internal/db/queries.go:51.3,51.23 1 0
terminalcard/internal/db/queries.go:53.2,53.33 1 0
terminalcard/internal/db/queries.go:56.96,57.51 1 0
terminalcard/internal/db/queries.go:57.51,59.3 1 0
terminalcard/internal/db/queries.go:61.2,63.16 3 0
terminalcard/internal/db/queries.go:63.16,65.3 1 0
terminalcard/internal/db/queries.go:66.2,66.45 1 0
terminalcard/internal/db/queries.go:66.45,68.3 1 0
terminalcard/internal/db/queries.go:70.2,75.56 2 0
terminalcard/internal/db/queries.go:75.56,77.3 1 0
terminalcard/internal/db/queries.go:79.2,86.50 2 0
terminalcard/internal/db/queries.go:86.50,88.3 1 0
terminalcard/internal/db/queries.go:90.2,90.34 1 0
terminalcard/internal/db/queries.go:93.66,94.80 1 0
terminalcard/internal/db/queries.go:94.80,96.3 1 0
terminalcard/internal/db/queries.go:97.2,97.79 1 0
terminalcard/internal/db/queries.go:97.79,99.3 1 0
terminalcard/internal/db/users.go:43.46,44.24 1 1
terminalcard/internal/db/users.go:44.24,46.3 1 1
terminalcard/internal/db/users.go:47.2,47.66 1 1
terminalcard/internal/db/users.go:47.66,49.3 1 1
terminalcard/internal/db/users.go:50.2,50.12 1 1
terminalcard/internal/tui/components/card.go:15.53,16.14 1 0
terminalcard/internal/tui/components/card.go:17.19,18.65 1 0
terminalcard/internal/tui/components/card.go:19.21,20.62 1 0
terminalcard/internal/tui/components/card.go:21.18,22.62 1 0
terminalcard/internal/tui/components/card.go:23.19,24.62 1 0
terminalcard/internal/tui/components/card.go:25.10,26.28 1 0
terminalcard/internal/tui/components/card.go:30.40,31.14 1 0
terminalcard/internal/tui/components/card.go:32.16,33.14 1 0
terminalcard/internal/tui/components/card.go:34.16,35.14 1 0
terminalcard/internal/tui/components/card.go:36.18,37.14 1 0
terminalcard/internal/tui/components/card.go:38.17,39.14 1 0
terminalcard/internal/tui/components/card.go:40.17,41.14 1 0
terminalcard/internal/tui/components/card.go:42.16,43.14 1 0
terminalcard/internal/tui/components/card.go:44.18,45.14 1 0
terminalcard/internal/tui/components/card.go:46.18,47.14 1 0
terminalcard/internal/tui/components/card.go:48.17,49.14 1 0
terminalcard/internal/tui/components/card.go:50.16,51.14 1 0
terminalcard/internal/tui/components/card.go:52.17,53.14 1 0
terminalcard/internal/tui/components/card.go:54.18,55.14 1 0
terminalcard/internal/tui/components/card.go:56.17,57.14 1 0
terminalcard/internal/tui/components/card.go:58.18,59.14 1 0
terminalcard/internal/tui/components/card.go:60.10,61.14 1 0
terminalcard/internal/tui/components/card.go:65.55,87.14 9 0
terminalcard/internal/tui/components/card.go:87.14,89.3 1 0
terminalcard/internal/tui/components/card.go:89.8,91.3 1 0
terminalcard/internal/tui/components/card.go:93.2,93.32 1 0
terminalcard/internal/tui/styles/common.go:9.39,10.23 1 0
terminalcard/internal/tui/styles/common.go:10.23,12.3 1 0
terminalcard/internal/tui/styles/common.go:13.2,13.28 1 0
terminalcard/internal/tui/styles/common.go:16.41,17.23 1 0
terminalcard/internal/tui/styles/common.go:17.23,19.3 1 0
terminalcard/internal/tui/styles/common.go:20.2,20.29 1 0
terminalcard/internal/tui/styles/common.go:23.41,25.2 1 0
terminalcard/internal/tui/styles/common.go:27.58,29.29 2 0
terminalcard/internal/tui/styles/common.go:29.29,31.32 2 0
terminalcard/internal/tui/styles/common.go:31.32,33.4 1 0
terminalcard/internal/tui/styles/common.go:36.2,36.13 1 0
terminalcard/internal/tui/styles/common.go:39.62,46.2 4 0
terminalcard/internal/tui/styles/common.go:48.81,74.2 15 0
terminalcard/internal/tui/styles/common.go:76.50,78.33 2 0
terminalcard/internal/tui/styles/common.go:78.33,80.3 1 0
terminalcard/internal/tui/styles/common.go:82.2,82.45 1 0
terminalcard/internal/tui/views/common/common.go:11.81,12.27 1 0
terminalcard/internal/tui/views/common/common.go:13.25,16.19 3 0
terminalcard/internal/tui/views/common/common.go:17.18,18.23 1 0
terminalcard/internal/tui/views/common/common.go:19.22,20.25 1 0
terminalcard/internal/tui/views/common/common.go:23.2,23.19 1 0
terminalcard/internal/tui/views/common/common.go:26.85,32.2 1 0
terminalcard/internal/tui/views/game/layout.go:15.82,17.25 2 0
terminalcard/internal/tui/views/game/layout.go:17.25,20.13 3 0
terminalcard/internal/tui/views/game/layout.go:20.13,22.18 2 0
terminalcard/internal/tui/views/game/layout.go:22.18,24.5 1 0
terminalcard/internal/tui/views/game/layout.go:25.4,26.60 2 0
terminalcard/internal/tui/views/game/layout.go:28.3,28.50 1 0
terminalcard/internal/tui/views/game/layout.go:30.2,30.52 1 0
terminalcard/internal/tui/views/game/layout.go:41.39,42.16 1 0
terminalcard/internal/tui/views/game/layout.go:42.16,44.3 1 0
terminalcard/internal/tui/views/game/layout.go:46.2,70.20 19 0
terminalcard/internal/tui/views/game/layout.go:73.40,74.16 1 0
terminalcard/internal/tui/views/game/layout.go:74.16,76.3 1 0
terminalcard/internal/tui/views/game/layout.go:78.2,91.31 11 0
terminalcard/internal/tui/views/game/layout.go:91.31,94.3 2 0
terminalcard/internal/tui/views/game/layout.go:95.2,105.20 10 0
terminalcard/internal/tui/views/game/layout.go:108.41,109.16 1 0
terminalcard/internal/tui/views/game/layout.go:109.16,111.3 1 0
terminalcard/internal/tui/views/game/layout.go:113.2,126.31 11 0
terminalcard/internal/tui/views/game/layout.go:126.31,129.3 2 0
terminalcard/internal/tui/views/game/layout.go:130.2,140.20 10 0
terminalcard/internal/tui/views/game/layout.go:143.96,145.19 2 0
terminalcard/internal/tui/views/game/layout.go:145.19,147.3 1 0
terminalcard/internal/tui/views/game/layout.go:148.2,154.21 5 0
terminalcard/internal/tui/views/game/layout.go:155.22,156.41 1 0
terminalcard/internal/tui/views/game/layout.go:157.23,158.42 1 0
terminalcard/internal/tui/views/game/layout.go:159.24,160.43 1 0
terminalcard/internal/tui/views/game/layout.go:163.2,163.35 1 0
terminalcard/internal/tui/views/game/layout.go:163.35,166.3 1 0
terminalcard/internal/tui/views/game/layout.go:166.8,166.43 1 0
terminalcard/internal/tui/views/game/layout.go:166.43,169.3 1 0
terminalcard/internal/tui/views/game/layout.go:169.8,171.3 1 0
terminalcard/internal/tui/views/game/layout.go:174.63,177.14 3 0
terminalcard/internal/tui/views/game/layout.go:177.14,180.3 2 0
terminalcard/internal/tui/views/game/layout.go:181.2,181.38 1 0
terminalcard/internal/tui/views/game/layout.go:184.84,193.2 3 0
terminalcard/internal/tui/views/game/layout.go:195.85,203.28 7 0
terminalcard/internal/tui/views/game/layout.go:203.28,205.3 1 0
terminalcard/internal/tui/views/game/layout.go:205.8,207.3 1 0
terminalcard/internal/tui/views/game/layout.go:209.2,209.76 1 0
terminalcard/internal/tui/views/game/state.go:21.80,23.19 2 0
terminalcard/internal/tui/views/game/state.go:23.19,25.3 1 0
terminalcard/internal/tui/views/game/state.go:27.2,27.43 1 0
terminalcard/internal/tui/views/game/state.go:27.43,29.34 2 0
terminalcard/internal/tui/views/game/state.go:29.34,32.4 2 0
terminalcard/internal/tui/views/game/state.go:34.3,34.33 1 0
terminalcard/internal/tui/views/game/state.go:34.33,36.4 1 0
terminalcard/internal/tui/views/game/state.go:38.3,41.35 3 0
terminalcard/internal/tui/views/game/state.go:41.35,42.67 1 0
terminalcard/internal/tui/views/game/state.go:42.67,44.5 1 0
terminalcard/internal/tui/views/game/state.go:44.10,49.5 1 0
terminalcard/internal/tui/views/game/state.go:52.3,53.24 2 0
terminalcard/internal/tui/views/game/state.go:56.2,56.13 1 0
terminalcard/internal/lobby/matchmaking.go:59.41,60.26 1 1
terminalcard/internal/lobby/matchmaking.go:60.26,62.3 1 1
terminalcard/internal/lobby/matchmaking.go:65.37,66.26 1 1
terminalcard/internal/lobby/matchmaking.go:66.26,68.3 1 1
terminalcard/internal/lobby/matchmaking.go:71.41,72.26 1 1
terminalcard/internal/lobby/matchmaking.go:72.26,74.3 1 1
terminalcard/internal/lobby/matchmaking.go:77.39,78.26 1 1
terminalcard/internal/lobby/matchmaking.go:78.26,80.3 1 1
terminalcard/internal/lobby/matchmaking.go:83.44,87.26 4 1
terminalcard/internal/lobby/matchmaking.go:87.26,89.3 1 1
terminalcard/internal/lobby/matchmaking.go:92.40,96.26 4 1
terminalcard/internal/lobby/matchmaking.go:96.26,98.3 1 1
terminalcard/internal/lobby/matchmaking.go:101.44,105.26 4 1
terminalcard/internal/lobby/matchmaking.go:105.26,107.3 1 1
terminalcard/internal/lobby/matchmaking.go:110.28,115.2 1 1
terminalcard/internal/lobby/matchmaking.go:117.78,118.40 1 1
terminalcard/internal/lobby/matchmaking.go:118.40,120.3 1 1
terminalcard/internal/lobby/matchmaking.go:122.2,124.27 2 1
terminalcard/internal/lobby/matchmaking.go:124.27,126.3 1 1
terminalcard/internal/lobby/matchmaking.go:128.2,132.16 4 1
terminalcard/internal/lobby/matchmaking.go:132.16,134.3 1 0
terminalcard/internal/lobby/matchmaking.go:136.2,146.19 4 1
terminalcard/internal/lobby/matchmaking.go:149.37,155.2 1 1
terminalcard/internal/lobby/matchmaking.go:159.55,163.24 3 1
terminalcard/internal/lobby/matchmaking.go:163.24,166.26 3 1
terminalcard/internal/lobby/matchmaking.go:166.26,169.4 2 1
terminalcard/internal/lobby/matchmaking.go:170.3,171.44 2 1
terminalcard/internal/lobby/matchmaking.go:171.44,173.4 1 1
terminalcard/internal/lobby/matchmaking.go:175.2,176.56 2 0
terminalcard/internal/lobby/matchmaking.go:179.63,179.80 1 1
terminalcard/internal/lobby/matchmaking.go:180.63,180.87 1 0
terminalcard/internal/lobby/matchmaking.go:181.63,181.97 1 0
terminalcard/internal/lobby/matchmaking.go:182.63,182.94 1 1
terminalcard/internal/lobby/matchmaking.go:183.63,183.93 1 1
terminalcard/internal/lobby/matchmaking.go:184.63,184.82 1 1
terminalcard/internal/lobby/matchmaking.go:186.43,192.2 5 0
terminalcard/internal/lobby/matchmaking.go:194.38,198.2 3 1
terminalcard/internal/lobby/matchmaking.go:201.44,206.30 4 1
terminalcard/internal/lobby/matchmaking.go:206.30,207.43 1 1
terminalcard/internal/lobby/matchmaking.go:207.43,209.4 1 1
terminalcard/internal/lobby/matchmaking.go:211.2,211.22 1 1
terminalcard/internal/lobby/matchmaking.go:214.77,215.40 1 1
terminalcard/internal/lobby/matchmaking.go:215.40,217.3 1 1
terminalcard/internal/lobby/matchmaking.go:219.2,220.16 2 1
terminalcard/internal/lobby/matchmaking.go:220.16,222.3 1 1
terminalcard/internal/lobby/matchmaking.go:224.2,225.16 2 1
terminalcard/internal/lobby/matchmaking.go:225.16,229.3 3 1
terminalcard/internal/lobby/matchmaking.go:230.2,230.12 1 1
terminalcard/internal/lobby/matchmaking.go:233.67,238.12 4 1
terminalcard/internal/lobby/matchmaking.go:238.12,239.30 1 1
terminalcard/internal/lobby/matchmaking.go:239.30,241.4 1 1
terminalcard/internal/lobby/matchmaking.go:243.3,244.40 2 0
terminalcard/internal/lobby/matchmaking.go:244.40,246.4 1 0
terminalcard/internal/lobby/matchmaking.go:247.3,247.16 1 0
terminalcard/internal/lobby/matchmaking.go:249.2,249.12 1 1
terminalcard/internal/lobby/matchmaking.go:252.50,256.25 3 1
terminalcard/internal/lobby/matchmaking.go:256.25,258.3 1 1
terminalcard/internal/lobby/matchmaking.go:259.2,259.29 1 1
terminalcard/internal/lobby/matchmaking.go:259.29,260.19 1 1
terminalcard/internal/lobby/matchmaking.go:260.19,262.4 1 1
terminalcard/internal/lobby/matchmaking.go:264.2,264.14 1 1
terminalcard/internal/lobby/matchmaking.go:267.64,272.13 4 1
terminalcard/internal/lobby/matchmaking.go:272.13,274.3 1 1
terminalcard/internal/lobby/matchmaking.go:276.2,276.19 1 1
terminalcard/internal/lobby/matchmaking.go:279.53,283.27 3 1
terminalcard/internal/lobby/matchmaking.go:283.27,285.3 1 0
terminalcard/internal/lobby/matchmaking.go:287.2,287.25 1 1
terminalcard/internal/lobby/matchmaking.go:287.25,288.24 1 1
terminalcard/internal/lobby/matchmaking.go:288.24,291.28 3 1
terminalcard/internal/lobby/matchmaking.go:291.28,293.5 1 1
terminalcard/internal/lobby/matchmaking.go:294.4,294.16 1 1
terminalcard/internal/lobby/matchmaking.go:297.3,297.27 1 1
terminalcard/internal/lobby/matchmaking.go:297.27,299.4 1 1
terminalcard/internal/lobby/matchmaking.go:300.3,300.14 1 1
terminalcard/internal/lobby/matchmaking.go:303.2,303.67 1 1
terminalcard/internal/lobby/matchmaking.go:303.67,303.90 1 1
terminalcard/internal/lobby/matchmaking.go:303.103,305.27 2 1
terminalcard/internal/lobby/matchmaking.go:305.27,307.4 1 1
terminalcard/internal/lobby/matchmaking.go:310.2,310.14 1 1
terminalcard/internal/lobby/matchmaking.go:313.48,315.14 2 1
terminalcard/internal/lobby/matchmaking.go:315.14,317.3 1 0
terminalcard/internal/lobby/matchmaking.go:319.2,319.23 1 1
terminalcard/internal/lobby/matchmaking.go:319.23,321.3 1 1
terminalcard/internal/lobby/matchmaking.go:321.8,325.3 3 1
terminalcard/internal/lobby/matchmaking.go:328.44,333.13 4 1
terminalcard/internal/lobby/matchmaking.go:333.13,335.3 1 0
terminalcard/internal/lobby/matchmaking.go:337.2,338.26 2 1
terminalcard/internal/lobby/matchmaking.go:338.26,341.3 2 1
terminalcard/internal/lobby/matchmaking.go:343.2,344.29 2 1
terminalcard/internal/lobby/matchmaking.go:344.29,346.3 1 0
terminalcard/internal/lobby/matchmaking.go:347.2,349.25 2 1
terminalcard/internal/lobby/matchmaking.go:352.55,356.45 3 1
terminalcard/internal/lobby/matchmaking.go:356.45,358.3 1 1
terminalcard/internal/lobby/matchmaking.go:360.2,360.30 1 1
terminalcard/internal/lobby/matchmaking.go:360.30,362.3 1 0
terminalcard/internal/lobby/matchmaking.go:363.2,363.39 1 1
terminalcard/internal/lobby/matchmaking.go:363.39,365.3 1 0
terminalcard/internal/lobby/matchmaking.go:367.2,368.26 2 1
terminalcard/internal/lobby/matchmaking.go:368.26,370.3 1 1
terminalcard/internal/lobby/matchmaking.go:371.2,371.12 1 1
terminalcard/internal/lobby/matchmaking.go:374.74,378.24 3 1
terminalcard/internal/lobby/matchmaking.go:378.24,380.3 1 0
terminalcard/internal/lobby/matchmaking.go:382.2,383.16 2 1
terminalcard/internal/lobby/matchmaking.go:383.16,386.3 2 0
terminalcard/internal/lobby/matchmaking.go:388.2,389.39 2 1
terminalcard/internal/lobby/matchmaking.go:389.39,391.3 1 0
terminalcard/internal/lobby/matchmaking.go:392.2,392.39 1 1
terminalcard/internal/lobby/matchmaking.go:392.39,394.3 1 0
terminalcard/internal/lobby/matchmaking.go:396.2,399.39 3 1
terminalcard/internal/lobby/matchmaking.go:399.39,401.3 1 0
terminalcard/internal/lobby/matchmaking.go:403.2,411.20 4 1
terminalcard/internal/tui/views/lobby/create.go:27.55,36.2 1 0
terminalcard/internal/tui/views/lobby/create.go:38.37,40.2 1 0
terminalcard/internal/tui/views/lobby/create.go:42.63,43.69 1 0
terminalcard/internal/tui/views/lobby/create.go:43.69,45.3 1 0
terminalcard/internal/tui/views/lobby/create.go:47.2,47.27 1 0
terminalcard/internal/tui/views/lobby/create.go:48.18,49.23 1 0
terminalcard/internal/tui/views/lobby/create.go:50.14,51.29 1 0
terminalcard/internal/tui/views/lobby/create.go:51.29,51.78 1 0
terminalcard/internal/tui/views/lobby/create.go:52.12,53.29 1 0
terminalcard/internal/tui/views/lobby/create.go:53.29,53.86 1 0
terminalcard/internal/tui/views/lobby/create.go:54.12,55.29 1 0
terminalcard/internal/tui/views/lobby/create.go:55.29,55.84 1 0
terminalcard/internal/tui/views/lobby/create.go:56.12,57.29 1 0
terminalcard/internal/tui/views/lobby/create.go:57.29,57.81 1 0
terminalcard/internal/tui/views/lobby/create.go:58.18,59.20 1 0
terminalcard/internal/tui/views/lobby/create.go:59.20,61.5 1 0
terminalcard/internal/tui/views/lobby/create.go:62.20,63.20 1 0
terminalcard/internal/tui/views/lobby/create.go:63.20,65.5 1 0
terminalcard/internal/tui/views/lobby/create.go:66.20,67.20 1 0
terminalcard/internal/tui/views/lobby/create.go:68.11,69.24 1 0
terminalcard/internal/tui/views/lobby/create.go:69.24,71.6 1 0
terminalcard/internal/tui/views/lobby/create.go:72.11,73.25 1 0
terminalcard/internal/tui/views/lobby/create.go:73.25,75.6 1 0
terminalcard/internal/tui/views/lobby/create.go:76.11,77.31 1 0
terminalcard/internal/tui/views/lobby/create.go:79.21,80.20 1 0
terminalcard/internal/tui/views/lobby/create.go:81.11,82.43 1 0
terminalcard/internal/tui/views/lobby/create.go:82.43,84.6 1 0
terminalcard/internal/tui/views/lobby/create.go:85.11,86.25 1 0
terminalcard/internal/tui/views/lobby/create.go:86.25,88.6 1 0
terminalcard/internal/tui/views/lobby/create.go:89.11,90.31 1 0
terminalcard/internal/tui/views/lobby/create.go:92.16,93.21 1 0
terminalcard/internal/tui/views/lobby/create.go:93.21,101.19 6 0
terminalcard/internal/tui/views/lobby/create.go:101.19,104.6 2 0
terminalcard/internal/tui/views/lobby/create.go:105.5,105.30 1 0
terminalcard/internal/tui/views/lobby/create.go:105.30,105.92 1 0
terminalcard/internal/tui/views/lobby/create.go:109.2,109.15 1 0
terminalcard/internal/tui/views/lobby/create.go:112.36,113.60 1 0
terminalcard/internal/tui/views/lobby/create.go:113.60,115.22 2 0
terminalcard/internal/tui/views/lobby/create.go:115.22,119.4 3 0
terminalcard/internal/tui/views/lobby/create.go:120.3,120.59 1 0
terminalcard/internal/tui/views/lobby/create.go:123.2,127.17 4 0
terminalcard/internal/tui/views/lobby/create.go:127.17,129.3 1 0
terminalcard/internal/tui/views/lobby/create.go:130.2,134.19 4 0
terminalcard/internal/tui/views/lobby/create.go:134.19,137.3 2 0
terminalcard/internal/tui/views/lobby/create.go:138.2,149.18 4 0
terminalcard/internal/tui/views/lobby/create.go:149.18,151.3 1 0
terminalcard/internal/tui/views/lobby/create.go:153.2,161.94 7 0
terminalcard/internal/tui/views/lobby/join.go:25.53,37.2 5 0
terminalcard/internal/tui/views/lobby/join.go:39.35,41.2 1 0
terminalcard/internal/tui/views/lobby/join.go:43.61,47.20 3 0
terminalcard/internal/tui/views/lobby/join.go:47.20,48.76 1 0
terminalcard/internal/tui/views/lobby/join.go:48.76,50.4 1 0
terminalcard/internal/tui/views/lobby/join.go:51.8,51.51 1 0
terminalcard/internal/tui/views/lobby/join.go:51.51,54.3 2 0
terminalcard/internal/tui/views/lobby/join.go:56.2,56.27 1 0
terminalcard/internal/tui/views/lobby/join.go:57.18,58.20 1 0
terminalcard/internal/tui/views/lobby/join.go:58.20,59.20 1 0
terminalcard/internal/tui/views/lobby/join.go:60.20,63.18 3 0
terminalcard/internal/tui/views/lobby/join.go:64.22,66.19 2 0
terminalcard/internal/tui/views/lobby/join.go:66.19,68.6 1 0
terminalcard/internal/tui/views/lobby/join.go:69.5,71.19 3 0
terminalcard/internal/tui/views/lobby/join.go:71.19,74.6 2 0
terminalcard/internal/tui/views/lobby/join.go:75.5,76.30 2 0
terminalcard/internal/tui/views/lobby/join.go:76.30,76.96 1 0
terminalcard/internal/tui/views/lobby/join.go:77.12,80.18 3 0
terminalcard/internal/tui/views/lobby/join.go:82.9,83.24 1 0
terminalcard/internal/tui/views/lobby/join.go:84.15,85.30 1 0
terminalcard/internal/tui/views/lobby/join.go:85.30,85.79 1 0
terminalcard/internal/tui/views/lobby/join.go:86.13,87.30 1 0
terminalcard/internal/tui/views/lobby/join.go:87.30,87.87 1 0
terminalcard/internal/tui/views/lobby/join.go:88.13,89.30 1 0
terminalcard/internal/tui/views/lobby/join.go:89.30,89.85 1 0
terminalcard/internal/tui/views/lobby/join.go:90.13,91.30 1 0
terminalcard/internal/tui/views/lobby/join.go:91.30,91.82 1 0
terminalcard/internal/tui/views/lobby/join.go:92.19,93.21 1 0
terminalcard/internal/tui/views/lobby/join.go:93.21,95.6 1 0
terminalcard/internal/tui/views/lobby/join.go:96.21,97.34 1 0
terminalcard/internal/tui/views/lobby/join.go:97.34,99.6 1 0
terminalcard/internal/tui/views/lobby/join.go:100.13,103.30 3 0
terminalcard/internal/tui/views/lobby/join.go:104.22,105.52 1 0
terminalcard/internal/tui/views/lobby/join.go:105.52,109.20 4 0
terminalcard/internal/tui/views/lobby/join.go:109.20,112.7 2 0
terminalcard/internal/tui/views/lobby/join.go:113.6,113.31 1 0
terminalcard/internal/tui/views/lobby/join.go:113.31,113.93 1 0
terminalcard/internal/tui/views/lobby/join.go:119.2,119.19 1 0
terminalcard/internal/tui/views/lobby/join.go:119.19,121.3 1 0
terminalcard/internal/tui/views/lobby/join.go:122.2,122.15 1 0
terminalcard/internal/tui/views/lobby/join.go:125.34,130.23 4 0
terminalcard/internal/tui/views/lobby/join.go:130.23,132.3 1 0
terminalcard/internal/tui/views/lobby/join.go:132.8,133.29 1 0
terminalcard/internal/tui/views/lobby/join.go:133.29,134.15 1 0
terminalcard/internal/tui/views/lobby/join.go:134.15,135.10 1 0
terminalcard/internal/tui/views/lobby/join.go:137.4,138.39 2 0
terminalcard/internal/tui/views/lobby/join.go:138.39,140.5 1 0
terminalcard/internal/tui/views/lobby/join.go:141.4,144.39 2 0
terminalcard/internal/tui/views/lobby/join.go:144.39,146.5 1 0
terminalcard/internal/tui/views/lobby/join.go:147.4,147.48 1 0
terminalcard/internal/tui/views/lobby/join.go:151.2,152.19 2 0
terminalcard/internal/tui/views/lobby/join.go:152.19,154.3 1 0
terminalcard/internal/tui/views/lobby/join.go:156.2,162.18 2 0
terminalcard/internal/tui/views/lobby/join.go:162.18,164.3 1 0
terminalcard/internal/tui/views/lobby/join.go:166.2,174.94 7 0
terminalcard/internal/tui/views/lobby/lobby.go:33.62,34.24 1 0
terminalcard/internal/tui/views/lobby/lobby.go:34.24,35.16 1 0
terminalcard/internal/tui/views/lobby/lobby.go:35.16,37.4 1 0
terminalcard/internal/tui/views/lobby/lobby.go:38.3,39.10 2 0
terminalcard/internal/tui/views/lobby/lobby.go:39.10,41.4 1 0
terminalcard/internal/tui/views/lobby/lobby.go:42.3,42.23 1 0
terminalcard/internal/tui/views/lobby/lobby.go:47.75,59.2 2 0
terminalcard/internal/tui/views/lobby/lobby.go:61.31,63.2 1 0
terminalcard/internal/tui/views/lobby/lobby.go:66.48,67.39 1 0
terminalcard/internal/tui/views/lobby/lobby.go:67.39,69.3 1 0
terminalcard/internal/tui/views/lobby/lobby.go:70.2,71.44 2 0
terminalcard/internal/tui/views/lobby/lobby.go:71.44,72.30 1 0
terminalcard/internal/tui/views/lobby/lobby.go:72.30,74.4 1 0
terminalcard/internal/tui/views/lobby/lobby.go:76.2,76.13 1 0
terminalcard/internal/tui/views/lobby/lobby.go:79.57,80.69 1 0
terminalcard/internal/tui/views/lobby/lobby.go:80.69,82.3 1 0
terminalcard/internal/tui/views/lobby/lobby.go:84.2,84.27 1 0
terminalcard/internal/tui/views/lobby/lobby.go:85.18,86.25 1 0
terminalcard/internal/tui/views/lobby/lobby.go:86.25,87.24 1 0
terminalcard/internal/tui/views/lobby/lobby.go:88.18,91.30 3 0
terminalcard/internal/tui/views/lobby/lobby.go:91.30,91.79 1 0
terminalcard/internal/tui/views/lobby/lobby.go:92.25,93.31 1 0
terminalcard/internal/tui/views/lobby/lobby.go:95.4,95.17 1 0
terminalcard/internal/tui/views/lobby/lobby.go:98.3,100.23 2 0
terminalcard/internal/tui/views/lobby/lobby.go:101.19,103.17 2 0
terminalcard/internal/tui/views/lobby/lobby.go:104.12,105.29 1 0
terminalcard/internal/tui/views/lobby/lobby.go:105.29,105.86 1 0
terminalcard/internal/tui/views/lobby/lobby.go:106.12,107.29 1 0
terminalcard/internal/tui/views/lobby/lobby.go:107.29,107.84 1 0
terminalcard/internal/tui/views/lobby/lobby.go:108.12,109.29 1 0
terminalcard/internal/tui/views/lobby/lobby.go:109.29,109.81 1 0
terminalcard/internal/tui/views/lobby/lobby.go:110.12,111.16 1 0
terminalcard/internal/tui/views/lobby/lobby.go:111.16,113.19 2 0
terminalcard/internal/tui/views/lobby/lobby.go:113.19,117.6 1 0
terminalcard/internal/tui/views/lobby/lobby.go:119.18,120.32 1 0
terminalcard/internal/tui/views/lobby/lobby.go:120.32,122.5 1 0
terminalcard/internal/tui/views/lobby/lobby.go:123.20,125.40 2 0
terminalcard/internal/tui/views/lobby/lobby.go:125.40,127.5 1 0
terminalcard/internal/tui/views/lobby/lobby.go:128.20,129.16 1 0
terminalcard/internal/tui/views/lobby/lobby.go:129.16,130.21 1 0
terminalcard/internal/tui/views/lobby/lobby.go:131.12,132.26 1 0
terminalcard/internal/tui/views/lobby/lobby.go:132.26,135.7 2 0
terminalcard/internal/tui/views/lobby/lobby.go:136.12,138.44 2 0
terminalcard/internal/tui/views/lobby/lobby.go:141.21,142.16 1 0
terminalcard/internal/tui/views/lobby/lobby.go:142.16,143.21 1 0
terminalcard/internal/tui/views/lobby/lobby.go:144.12,145.26 1 0
terminalcard/internal/tui/views/lobby/lobby.go:145.26,148.7 2 0
terminalcard/internal/tui/views/lobby/lobby.go:149.12,151.44 2 0
terminalcard/internal/tui/views/lobby/lobby.go:154.16,155.32 1 0
terminalcard/internal/tui/views/lobby/lobby.go:155.32,158.31 3 0
terminalcard/internal/tui/views/lobby/lobby.go:158.31,160.6 1 0
terminalcard/internal/tui/views/lobby/lobby.go:164.16,165.33 1 0
terminalcard/internal/tui/views/lobby/lobby.go:165.33,167.29 1 0
terminalcard/internal/tui/views/lobby/lobby.go:167.29,167.78 1 0
terminalcard/internal/tui/views/lobby/lobby.go:169.3,169.33 1 0
terminalcard/internal/tui/views/lobby/lobby.go:169.33,174.29 3 0
terminalcard/internal/tui/views/lobby/lobby.go:174.29,174.102 1 0
terminalcard/internal/tui/views/lobby/lobby.go:176.3,176.70 1 0
terminalcard/internal/tui/views/lobby/lobby.go:176.70,180.43 2 0
terminalcard/internal/tui/views/lobby/lobby.go:180.43,182.47 2 0
terminalcard/internal/tui/views/lobby/lobby.go:182.47,183.22 1 0
terminalcard/internal/tui/views/lobby/lobby.go:183.22,185.12 2 0
terminalcard/internal/tui/views/lobby/lobby.go:188.5,188.15 1 0
terminalcard/internal/tui/views/lobby/lobby.go:188.15,189.31 1 0
terminalcard/internal/tui/views/lobby/lobby.go:189.31,189.80 1 0
terminalcard/internal/tui/views/lobby/lobby.go:193.4,197.28 4 0
terminalcard/internal/tui/views/lobby/lobby.go:197.28,199.5 1 0
terminalcard/internal/tui/views/lobby/lobby.go:201.3,201.50 1 0
terminalcard/internal/tui/views/lobby/lobby.go:203.2,203.15 1 0
terminalcard/internal/tui/views/lobby/lobby.go:206.30,207.27 1 0
terminalcard/internal/tui/views/lobby/lobby.go:207.27,209.3 1 0
terminalcard/internal/tui/views/lobby/lobby.go:211.2,220.14 8 0
terminalcard/internal/tui/views/lobby/lobby.go:220.14,222.3 1 0
terminalcard/internal/tui/views/lobby/lobby.go:223.2,226.24 3 0
terminalcard/internal/tui/views/lobby/lobby.go:226.24,231.3 3 0
terminalcard/internal/tui/views/lobby/lobby.go:233.2,233.60 1 0
terminalcard/internal/tui/views/lobby/lobby.go:233.60,235.34 2 0
terminalcard/internal/tui/views/lobby/lobby.go:235.34,239.4 3 0
terminalcard/internal/tui/views/lobby/lobby.go:240.3,240.59 1 0
terminalcard/internal/tui/views/lobby/lobby.go:243.2,247.17 4 0
terminalcard/internal/tui/views/lobby/lobby.go:247.17,249.3 1 0
terminalcard/internal/tui/views/lobby/lobby.go:250.2,260.27 8 0
terminalcard/internal/tui/views/lobby/lobby.go:260.27,263.17 3 0
terminalcard/internal/tui/views/lobby/lobby.go:263.17,265.4 1 0
terminalcard/internal/tui/views/lobby/lobby.go:266.3,268.17 3 0
terminalcard/internal/tui/views/lobby/lobby.go:268.17,270.4 1 0
terminalcard/internal/tui/views/lobby/lobby.go:271.3,271.39 1 0
terminalcard/internal/tui/views/lobby/lobby.go:274.2,290.47 7 0
terminalcard/internal/tui/views/lobby/lobby.go:290.47,295.3 3 0
terminalcard/internal/tui/views/lobby/lobby.go:295.8,300.3 3 0
terminalcard/internal/tui/views/lobby/lobby.go:302.2,302.91 1 0
terminalcard/internal/tui/views/profile/profile.go:21.49,23.2 1 0
terminalcard/internal/tui/views/profile/profile.go:30.54,31.24 1 0
terminalcard/internal/tui/views/profile/profile.go:31.24,34.3 2 0
terminalcard/internal/tui/views/profile/profile.go:37.31,39.2 1 0
terminalcard/internal/tui/views/profile/profile.go:41.57,42.69 1 0
terminalcard/internal/tui/views/profile/profile.go:42.69,44.3 1 0
terminalcard/internal/tui/views/profile/profile.go:46.2,46.27 1 0
terminalcard/internal/tui/views/profile/profile.go:47.24,49.18 2 0
terminalcard/internal/tui/views/profile/profile.go:50.18,51.23 1 0
terminalcard/internal/tui/views/profile/profile.go:52.14,53.29 1 0
terminalcard/internal/tui/views/profile/profile.go:53.29,53.78 1 0
terminalcard/internal/tui/views/profile/profile.go:54.12,55.29 1 0
terminalcard/internal/tui/views/profile/profile.go:55.29,55.86 1 0
terminalcard/internal/tui/views/profile/profile.go:56.12,57.29 1 0
terminalcard/internal/tui/views/profile/profile.go:57.29,57.84 1 0
terminalcard/internal/tui/views/profile/profile.go:58.12,59.29 1 0
terminalcard/internal/tui/views/profile/profile.go:59.29,59.81 1 0
terminalcard/internal/tui/views/profile/profile.go:62.2,62.15 1 0
terminalcard/internal/tui/views/profile/profile.go:65.30,67.18 2 0
terminalcard/internal/tui/views/profile/profile.go:67.18,69.3 1 0
terminalcard/internal/tui/views/profile/profile.go:69.8,69.33 1 0
terminalcard/internal/tui/views/profile/profile.go:69.33,71.3 1 0
terminalcard/internal/tui/views/profile/profile.go:71.8,74.3 1 0
terminalcard/internal/tui/views/profile/profile.go:76.2,82.94 6 0
terminalcard/internal/game/crazyeight/rules.go:15.45,15.70 1 0
terminalcard/internal/game/crazyeight/rules.go:16.45,16.57 1 0
terminalcard/internal/game/crazyeight/rules.go:17.45,17.57 1 0
terminalcard/internal/game/crazyeight/rules.go:19.54,21.2 1 1
terminalcard/internal/game/crazyeight/rules.go:23.51,25.2 1 1
terminalcard/internal/game/crazyeight/rules.go:27.65,38.9 4 1
terminalcard/internal/game/crazyeight/rules.go:38.9,40.3 1 0
terminalcard/internal/game/crazyeight/rules.go:41.2,46.12 4 1
terminalcard/internal/game/crazyeight/rules.go:49.92,51.9 2 1
terminalcard/internal/game/crazyeight/rules.go:51.9,53.3 1 0
terminalcard/internal/game/crazyeight/rules.go:55.2,56.9 2 1
terminalcard/internal/game/crazyeight/rules.go:56.9,58.3 1 0
terminalcard/internal/game/crazyeight/rules.go:60.2,60.21 1 1
terminalcard/internal/game/crazyeight/rules.go:61.27,62.29 1 1
terminalcard/internal/game/crazyeight/rules.go:62.29,64.4 1 0
terminalcard/internal/game/crazyeight/rules.go:65.3,67.69 2 1
terminalcard/internal/game/crazyeight/rules.go:67.69,70.4 2 1
terminalcard/internal/game/crazyeight/rules.go:72.3,72.30 1 1
terminalcard/internal/game/crazyeight/rules.go:72.30,74.4 1 1
terminalcard/internal/game/crazyeight/rules.go:75.3,75.37 1 1
terminalcard/internal/game/crazyeight/rules.go:75.37,77.4 1 1
terminalcard/internal/game/crazyeight/rules.go:78.3,78.32 1 1
terminalcard/internal/game/crazyeight/rules.go:78.32,80.4 1 1
terminalcard/internal/game/crazyeight/rules.go:81.3,81.54 1 1
terminalcard/internal/game/crazyeight/rules.go:83.27,84.27 1 0
terminalcard/internal/game/crazyeight/rules.go:84.27,86.4 1 0
terminalcard/internal/game/crazyeight/rules.go:87.3,87.13 1 0
terminalcard/internal/game/crazyeight/rules.go:89.27,90.13 1 0
terminalcard/internal/game/crazyeight/rules.go:93.2,93.37 1 0
terminalcard/internal/game/crazyeight/rules.go:96.79,100.21 3 1
terminalcard/internal/game/crazyeight/rules.go:101.27,106.34 4 1
terminalcard/internal/game/crazyeight/rules.go:106.34,107.29 1 1
terminalcard/internal/game/crazyeight/rules.go:107.29,109.13 2 1
terminalcard/internal/game/crazyeight/rules.go:111.4,111.32 1 1
terminalcard/internal/game/crazyeight/rules.go:113.3,117.30 3 1
terminalcard/internal/game/crazyeight/rules.go:117.30,119.4 1 1
terminalcard/internal/game/crazyeight/rules.go:119.9,119.40 1 1
terminalcard/internal/game/crazyeight/rules.go:119.40,121.4 1 1
terminalcard/internal/game/crazyeight/rules.go:123.27,125.45 2 1
terminalcard/internal/game/crazyeight/rules.go:127.27,128.34 1 0
terminalcard/internal/game/crazyeight/rules.go:132.93,134.2 1 0
terminalcard/internal/game/crazyeight/rules.go:136.70,137.34 1 1
terminalcard/internal/game/crazyeight/rules.go:137.34,138.24 1 1
terminalcard/internal/game/crazyeight/rules.go:138.24,140.4 1 1
terminalcard/internal/game/crazyeight/rules.go:142.2,142.14 1 1
terminalcard/internal/observability/otel.go:18.107,21.45 2 1
terminalcard/internal/observability/otel.go:21.45,23.36 2 1
terminalcard/internal/observability/otel.go:23.36,24.38 1 1
terminalcard/internal/observability/otel.go:24.38,26.5 1 0
terminalcard/internal/observability/otel.go:28.3,29.13 2 1
terminalcard/internal/observability/otel.go:32.2,32.33 1 1
terminalcard/internal/observability/otel.go:32.33,34.3 1 0
terminalcard/internal/observability/otel.go:36.2,37.16 2 1
terminalcard/internal/observability/otel.go:37.16,39.3 1 0
terminalcard/internal/observability/otel.go:41.2,47.16 3 1
terminalcard/internal/observability/otel.go:47.16,50.3 2 0
terminalcard/internal/observability/otel.go:51.2,54.8 3 1
terminalcard/internal/observability/otel.go:57.48,64.2 1 1
terminalcard/internal/observability/otel.go:66.121,71.16 2 1
terminalcard/internal/observability/otel.go:71.16,73.3 1 0
terminalcard/internal/observability/otel.go:75.2,79.28 2 1
terminalcard/internal/game/engine.go:24.86,31.2 1 1
terminalcard/internal/game/engine.go:33.49,35.2 1 1
terminalcard/internal/game/engine.go:37.64,39.2 1 0
terminalcard/internal/game/engine.go:43.51,47.2 3 1
terminalcard/internal/game/engine.go:49.32,57.41 7 1
terminalcard/internal/game/engine.go:57.41,59.10 2 1
terminalcard/internal/game/engine.go:59.10,62.4 2 0
terminalcard/internal/game/engine.go:63.3,63.43 1 1
terminalcard/internal/game/engine.go:66.2,70.59 4 1
terminalcard/internal/game/engine.go:70.59,73.3 2 0
terminalcard/internal/game/engine.go:75.2,80.12 2 1
terminalcard/internal/game/engine.go:83.69,89.30 5 1
terminalcard/internal/game/engine.go:89.30,91.3 1 0
terminalcard/internal/game/engine.go:93.2,94.34 2 1
terminalcard/internal/game/engine.go:94.34,97.3 1 1
terminalcard/internal/game/engine.go:99.2,99.74 1 1
terminalcard/internal/game/engine.go:99.74,101.3 1 0
terminalcard/internal/game/engine.go:103.2,106.21 3 1
terminalcard/internal/game/engine.go:107.22,108.29 1 1
terminalcard/internal/game/engine.go:109.22,110.30 1 0
terminalcard/internal/game/engine.go:113.2,121.75 2 1
terminalcard/internal/game/engine.go:121.75,126.3 2 0
terminalcard/internal/game/engine.go:128.2,128.46 1 1
terminalcard/internal/game/engine.go:128.46,136.3 4 0
terminalcard/internal/game/engine.go:138.2,146.12 4 1
terminalcard/internal/game/engine.go:149.48,155.31 5 1
terminalcard/internal/game/engine.go:155.31,157.3 1 0
terminalcard/internal/game/engine.go:159.2,160.36 2 1
terminalcard/internal/game/engine.go:160.36,161.23 1 1
terminalcard/internal/game/engine.go:161.23,163.9 2 1
terminalcard/internal/game/engine.go:167.2,167.23 1 1
terminalcard/internal/game/engine.go:167.23,169.3 1 0
terminalcard/internal/game/engine.go:172.2,179.31 4 1
terminalcard/internal/game/engine.go:179.31,186.3 3 1
terminalcard/internal/game/engine.go:186.8,192.3 1 1
terminalcard/internal/game/registry.go:13.30,17.2 1 1
terminalcard/internal/game/registry.go:19.64,23.2 3 1
terminalcard/internal/game/registry.go:25.41,27.28 2 1
terminalcard/internal/game/registry.go:27.28,29.3 1 1
terminalcard/internal/game/registry.go:30.2,30.18 1 1
terminalcard/internal/game/registry.go:33.55,38.9 4 1
terminalcard/internal/game/registry.go:38.9,40.3 1 1
terminalcard/internal/game/registry.go:41.2,41.23 1 1
terminalcard/internal/game/state.go:34.80,44.2 2 1
terminalcard/internal/game/turns.go:9.55,15.2 1 1
terminalcard/internal/game/turns.go:17.38,19.2 1 1
terminalcard/internal/game/turns.go:21.31,23.2 1 1
terminalcard/internal/game/turns.go:25.34,27.2 1 1
terminalcard/internal/game/turns.go:29.48,31.2 1 1
terminalcard/internal/game/turns.go:33.48,35.25 2 1
terminalcard/internal/game/turns.go:35.25,38.3 2 0
terminalcard/internal/game/turns.go:40.2,40.24 1 1
terminalcard/internal/game/turns.go:40.24,42.3 1 0
terminalcard/internal/game/turns.go:42.8,42.32 1 1
terminalcard/internal/game/turns.go:42.32,43.24 1 1
terminalcard/internal/game/turns.go:43.24,47.4 1 1
terminalcard/internal/game/turns.go:47.9,51.4 1 0
terminalcard/internal/ssh/auth.go:18.84,20.22 2 0
terminalcard/internal/ssh/auth.go:20.22,22.3 1 0
terminalcard/internal/ssh/auth.go:24.2,28.16 4 0
terminalcard/internal/ssh/auth.go:28.16,31.3 2 0
terminalcard/internal/ssh/auth.go:33.2,33.17 1 0
terminalcard/internal/ssh/auth.go:33.17,35.17 2 0
terminalcard/internal/ssh/auth.go:35.17,38.4 2 0
terminalcard/internal/ssh/auth.go:39.8,41.3 1 0
terminalcard/internal/ssh/auth.go:43.2,43.18 1 0
terminalcard/internal/ssh/server.go:31.42,35.2 1 0
terminalcard/internal/ssh/server.go:37.52,40.22 3 0
terminalcard/internal/ssh/server.go:40.22,42.3 1 0
terminalcard/internal/ssh/server.go:43.2,44.13 2 0
terminalcard/internal/ssh/server.go:47.50,51.2 3 0
terminalcard/internal/ssh/server.go:60.64,62.16 2 0
terminalcard/internal/ssh/server.go:62.16,64.3 1 0
terminalcard/internal/ssh/server.go:66.2,66.26 1 0
terminalcard/internal/ssh/server.go:66.26,67.41 1 0
terminalcard/internal/ssh/server.go:67.41,69.4 1 0
terminalcard/internal/ssh/server.go:72.2,78.72 2 0
terminalcard/internal/ssh/server.go:78.72,80.4 1 0
terminalcard/internal/ssh/server.go:82.37,83.32 1 0
terminalcard/internal/ssh/server.go:83.32,86.68 3 0
terminalcard/internal/ssh/server.go:86.68,90.7 3 0
terminalcard/internal/ssh/server.go:94.71,97.19 2 0
terminalcard/internal/ssh/server.go:97.19,100.6 2 0
terminalcard/internal/ssh/server.go:102.5,102.34 1 0
terminalcard/internal/ssh/server.go:102.34,105.6 2 0
terminalcard/internal/ssh/server.go:107.5,111.6 2 0
terminalcard/internal/ssh/server.go:117.2,117.16 1 0
terminalcard/internal/ssh/server.go:117.16,119.3 1 0
terminalcard/internal/ssh/server.go:121.2,121.20 1 0
terminalcard/internal/tui/router/router.go:32.40,38.2 2 1
terminalcard/internal/tui/router/router.go:40.84,42.2 1 1
terminalcard/internal/tui/router/router.go:44.57,46.9 2 1
terminalcard/internal/tui/router/router.go:46.9,48.3 1 0
terminalcard/internal/tui/router/router.go:49.2,51.24 3 1
terminalcard/internal/tui/router/router.go:54.33,55.21 1 0
terminalcard/internal/tui/router/router.go:55.21,57.3 1 0
terminalcard/internal/tui/router/router.go:58.2,58.12 1 0
terminalcard/internal/tui/router/router.go:61.59,62.27 1 1
terminalcard/internal/tui/router/router.go:63.25,65.31 2 1
terminalcard/internal/tui/router/router.go:66.21,68.16 2 1
terminalcard/internal/tui/router/router.go:71.2,71.21 1 1
terminalcard/internal/tui/router/router.go:71.21,75.3 3 1
terminalcard/internal/tui/router/router.go:77.2,77.15 1 1
terminalcard/internal/tui/router/router.go:80.32,81.21 1 0
terminalcard/internal/tui/router/router.go:81.21,83.3 1 0
terminalcard/internal/tui/router/router.go:84.2,84.25 1 0
terminalcard/internal/tui/views/game/crazyeight/model.go:29.52,30.24 1 0
terminalcard/internal/tui/views/game/crazyeight/model.go:30.24,31.16 1 0
terminalcard/internal/tui/views/game/crazyeight/model.go:31.16,33.4 1 0
terminalcard/internal/tui/views/game/crazyeight/model.go:34.3,35.10 2 0
terminalcard/internal/tui/views/game/crazyeight/model.go:35.10,37.4 1 0
terminalcard/internal/tui/views/game/crazyeight/model.go:38.3,38.22 1 0
terminalcard/internal/tui/views/game/crazyeight/model.go:43.70,45.19 2 0
terminalcard/internal/tui/views/game/crazyeight/model.go:45.19,47.3 1 0
terminalcard/internal/tui/views/game/crazyeight/model.go:48.2,54.10 3 0
terminalcard/internal/tui/views/game/crazyeight/model.go:57.29,60.21 2 0
terminalcard/internal/tui/views/game/crazyeight/model.go:60.21,61.46 1 0
terminalcard/internal/tui/views/game/crazyeight/model.go:61.46,63.51 1 0
terminalcard/internal/tui/views/game/crazyeight/model.go:63.51,65.5 1 0
terminalcard/internal/tui/views/game/crazyeight/model.go:69.2,69.48 1 0
terminalcard/internal/tui/views/game/crazyeight/model.go:69.48,71.3 1 0
terminalcard/internal/tui/views/game/crazyeight/model.go:74.31,76.2 1 0
terminalcard/internal/tui/views/game/crazyeight/update.go:14.57,15.69 1 1
terminalcard/internal/tui/views/game/crazyeight/update.go:15.69,17.3 1 0
terminalcard/internal/tui/views/game/crazyeight/update.go:19.2,19.27 1 1
terminalcard/internal/tui/views/game/crazyeight/update.go:20.18,21.26 1 1
terminalcard/internal/tui/views/game/crazyeight/update.go:22.15,24.38 2 0
terminalcard/internal/tui/views/game/crazyeight/update.go:27.2,27.15 1 0
terminalcard/internal/tui/views/game/crazyeight/update.go:30.63,31.22 1 1
terminalcard/internal/tui/views/game/crazyeight/update.go:32.13,33.26 1 0
terminalcard/internal/tui/views/game/crazyeight/update.go:34.19,35.24 1 1
terminalcard/internal/tui/views/game/crazyeight/update.go:36.20,37.25 1 1
terminalcard/internal/tui/views/game/crazyeight/update.go:38.17,39.22 1 0
terminalcard/internal/tui/views/game/crazyeight/update.go:40.19,41.24 1 1
terminalcard/internal/tui/views/game/crazyeight/update.go:42.56,43.47 1 0
terminalcard/internal/tui/views/game/crazyeight/update.go:44.15,45.25 1 0
terminalcard/internal/tui/views/game/crazyeight/update.go:46.11,47.24 1 1
terminalcard/internal/tui/views/game/crazyeight/update.go:49.2,49.15 1 0
terminalcard/internal/tui/views/game/crazyeight/update.go:52.52,53.19 1 0
terminalcard/internal/tui/views/game/crazyeight/update.go:53.19,56.3 2 0
terminalcard/internal/tui/views/game/crazyeight/update.go:58.2,60.40 2 0
terminalcard/internal/tui/views/game/crazyeight/update.go:60.40,62.28 2 0
terminalcard/internal/tui/views/game/crazyeight/update.go:62.28,62.90 1 0
terminalcard/internal/tui/views/game/crazyeight/update.go:65.2,66.27 2 0
terminalcard/internal/tui/views/game/crazyeight/update.go:66.27,66.76 1 0
terminalcard/internal/tui/views/game/crazyeight/update.go:69.50,70.19 1 1
terminalcard/internal/tui/views/game/crazyeight/update.go:70.19,71.26 1 0
terminalcard/internal/tui/views/game/crazyeight/update.go:71.26,73.4 1 0
terminalcard/internal/tui/views/game/crazyeight/update.go:74.3,74.16 1 0
terminalcard/internal/tui/views/game/crazyeight/update.go:76.2,76.27 1 1
terminalcard/internal/tui/views/game/crazyeight/update.go:76.27,78.3 1 1
terminalcard/internal/tui/views/game/crazyeight/update.go:79.2,79.15 1 1
terminalcard/internal/tui/views/game/crazyeight/update.go:82.51,83.19 1 1
terminalcard/internal/tui/views/game/crazyeight/update.go:83.19,84.26 1 1
terminalcard/internal/tui/views/game/crazyeight/update.go:84.26,86.4 1 1
terminalcard/internal/tui/views/game/crazyeight/update.go:87.3,87.16 1 1
terminalcard/internal/tui/views/game/crazyeight/update.go:89.2,89.49 1 1
terminalcard/internal/tui/views/game/crazyeight/update.go:89.49,91.3 1 1
terminalcard/internal/tui/views/game/crazyeight/update.go:92.2,92.15 1 1
terminalcard/internal/tui/views/game/crazyeight/update.go:95.48,96.19 1 0
terminalcard/internal/tui/views/game/crazyeight/update.go:96.19,97.24 1 0
terminalcard/internal/tui/views/game/crazyeight/update.go:97.24,99.4 1 0
terminalcard/internal/tui/views/game/crazyeight/update.go:100.3,100.16 1 0
terminalcard/internal/tui/views/game/crazyeight/update.go:102.2,102.15 1 0
terminalcard/internal/tui/views/game/crazyeight/update.go:105.50,106.19 1 1
terminalcard/internal/tui/views/game/crazyeight/update.go:106.19,107.23 1 1
terminalcard/internal/tui/views/game/crazyeight/update.go:107.23,109.4 1 1
terminalcard/internal/tui/views/game/crazyeight/update.go:110.3,110.16 1 1
terminalcard/internal/tui/views/game/crazyeight/update.go:112.2,112.15 1 0
terminalcard/internal/tui/views/game/crazyeight/update.go:115.71,116.49 1 0
terminalcard/internal/tui/views/game/crazyeight/update.go:116.49,118.34 2 0
terminalcard/internal/tui/views/game/crazyeight/update.go:118.34,120.4 1 0
terminalcard/internal/tui/views/game/crazyeight/update.go:122.2,122.15 1 0
terminalcard/internal/tui/views/game/crazyeight/update.go:125.51,126.40 1 0
terminalcard/internal/tui/views/game/crazyeight/update.go:126.40,129.28 3 0
terminalcard/internal/tui/views/game/crazyeight/update.go:129.28,129.90 1 0
terminalcard/internal/tui/views/game/crazyeight/update.go:132.2,132.55 1 0
terminalcard/internal/tui/views/game/crazyeight/update.go:132.55,134.3 1 0
terminalcard/internal/tui/views/game/crazyeight/update.go:136.2,138.19 2 0
terminalcard/internal/tui/views/game/crazyeight/update.go:138.19,140.3 1 0
terminalcard/internal/tui/views/game/crazyeight/update.go:142.2,142.29 1 0
terminalcard/internal/tui/views/game/crazyeight/update.go:142.29,146.3 3 0
terminalcard/internal/tui/views/game/crazyeight/update.go:148.2,152.15 2 0
terminalcard/internal/tui/views/game/crazyeight/update.go:155.68,164.2 4 0
terminalcard/internal/tui/views/game/crazyeight/update.go:166.50,167.42 1 1
terminalcard/internal/tui/views/game/crazyeight/update.go:167.42,171.3 1 0
terminalcard/internal/tui/views/game/crazyeight/update.go:172.2,172.15 1 1
terminalcard/internal/tui/views/game/crazyeight/view.go:12.30,13.39 1 0
terminalcard/internal/tui/views/game/crazyeight/view.go:13.39,15.3 1 0
terminalcard/internal/tui/views/game/crazyeight/view.go:17.2,30.60 10 0
terminalcard/internal/tui/views/game/crazyeight/view.go:33.53,38.19 4 0
terminalcard/internal/tui/views/game/crazyeight/view.go:38.19,40.3 1 0
terminalcard/internal/tui/views/game/crazyeight/view.go:40.8,42.3 1 0
terminalcard/internal/tui/views/game/crazyeight/view.go:44.2,52.67 7 0
terminalcard/internal/tui/views/game/crazyeight/view.go:55.43,56.72 1 0
terminalcard/internal/tui/views/game/crazyeight/view.go:56.72,58.38 2 0
terminalcard/internal/tui/views/game/crazyeight/view.go:58.38,60.4 1 0
terminalcard/internal/tui/views/game/crazyeight/view.go:61.3,63.69 3 0
terminalcard/internal/tui/views/game/crazyeight/view.go:65.2,65.11 1 0
terminalcard/internal/tui/views/game/crazyeight/view.go:68.44,69.37 1 0
terminalcard/internal/tui/views/game/crazyeight/view.go:69.37,73.3 3 0
terminalcard/internal/tui/views/game/crazyeight/view.go:74.2,74.11 1 0
terminalcard/internal/tui/views/game/crazyeight/view.go:77.45,78.37 1 0
terminalcard/internal/tui/views/game/crazyeight/view.go:78.37,82.3 3 0
terminalcard/internal/tui/views/game/crazyeight/view.go:82.8,82.44 1 0
terminalcard/internal/tui/views/game/crazyeight/view.go:82.44,86.3 3 0
terminalcard/internal/tui/views/game/crazyeight/view.go:87.2,87.11 1 0
terminalcard/internal/tui/views/game/crazyeight/view.go:90.43,94.2 3 0
terminalcard/internal/tui/views/game/crazyeight/view.go:96.52,98.23 2 0
terminalcard/internal/tui/views/game/crazyeight/view.go:99.19,100.25 1 0
terminalcard/internal/tui/views/game/crazyeight/view.go:101.19,102.28 1 0
terminalcard/internal/tui/views/game/crazyeight/view.go:103.21,104.27 1 0
terminalcard/internal/tui/views/game/crazyeight/view.go:105.18,106.24 1 0
terminalcard/internal/tui/views/game/crazyeight/view.go:109.2,109.19 1 0
terminalcard/internal/tui/views/game/crazyeight/view.go:109.19,111.3 1 0
terminalcard/internal/tui/views/game/crazyeight/view.go:113.2,114.43 1 0
terminalcard/internal/tui/views/game/crazyeight/view.go:117.45,125.2 3 0
terminalcard/internal/tui/views/game/crazyeight/view.go:127.42,128.20 1 0
terminalcard/internal/tui/views/game/crazyeight/view.go:128.20,130.3 1 0
terminalcard/internal/tui/views/game/crazyeight/view.go:132.2,135.33 3 0
terminalcard/internal/tui/views/game/crazyeight/view.go:135.33,137.24 2 0
terminalcard/internal/tui/views/game/crazyeight/view.go:137.24,139.4 1 0
terminalcard/internal/tui/views/game/crazyeight/view.go:139.9,141.4 1 0
terminalcard/internal/tui/views/game/crazyeight/view.go:143.3,143.91 1 0
terminalcard/internal/tui/views/game/crazyeight/view.go:146.2,160.4 4 0
terminalcard/internal/tui/views/home/home.go:16.49,18.2 1 1
terminalcard/internal/tui/views/home/home.go:20.31,22.2 1 0
terminalcard/internal/tui/views/home/home.go:24.57,25.69 1 1
terminalcard/internal/tui/views/home/home.go:25.69,27.3 1 0
terminalcard/internal/tui/views/home/home.go:29.2,29.27 1 1
terminalcard/internal/tui/views/home/home.go:30.18,31.23 1 1
terminalcard/internal/tui/views/home/home.go:32.12,33.29 1 1
terminalcard/internal/tui/views/home/home.go:33.29,33.86 1 1
terminalcard/internal/tui/views/home/home.go:34.12,35.29 1 1
terminalcard/internal/tui/views/home/home.go:35.29,35.84 1 1
terminalcard/internal/tui/views/home/home.go:36.12,37.29 1 1
terminalcard/internal/tui/views/home/home.go:37.29,37.81 1 1
terminalcard/internal/tui/views/home/home.go:40.2,40.15 1 0
terminalcard/internal/tui/views/home/home.go:43.30,56.2 8 0
